# ============================================================
# Phase 7 Slice 2 — DB introspection
# Run at:  2026-05-19T09:08:07.659Z
# DB:      root@localhost:3306/final
# ============================================================

-- ────────────────────────────────────────────────────────────
-- SHOW CREATE TABLE `cmms_jobrequest_mst`
-- ────────────────────────────────────────────────────────────
CREATE TABLE `cmms_jobrequest_mst` (
  `JR_JOBREQUESTNO` int(11) NOT NULL,
  `JR_REQUEST_TYPE` varchar(25) NOT NULL,
  `JR_JOBREQUESTDATE` datetime NOT NULL,
  `JR_SECTIONJOB_NO` varchar(9) DEFAULT NULL,
  `JR_EQM_ID` int(11) DEFAULT NULL,
  `JR_EQM_TYPE` varchar(15) NOT NULL,
  `JR_EQM_NAME` varchar(200) DEFAULT NULL,
  `JR_EQM_MFRID` int(11) DEFAULT NULL,
  `JR_EQM_MFR_NAME` varchar(100) DEFAULT NULL,
  `JR_EQM_MODELNO` varchar(100) DEFAULT NULL,
  `JR_EQM_SRNO` varchar(100) DEFAULT NULL,
  `JR_INST_TYPE` int(11) DEFAULT NULL,
  `JR_EQM_OPTNDESC` varchar(200) DEFAULT NULL,
  `JR_SUBMITTEDBYID` varchar(7) DEFAULT NULL,
  `JR_SUBMITTEDBYNAME` varchar(100) DEFAULT NULL,
  `JR_PROJECTID` varchar(100) DEFAULT NULL,
  `JR_SUBSYSTEM` varchar(100) DEFAULT NULL,
  `JR_DESIGNATION` varchar(100) DEFAULT NULL,
  `JR_DIVISION` int(11) DEFAULT NULL,
  `JR_PHOENLAB` varchar(100) DEFAULT NULL,
  `JR_PHONEROOM` varchar(100) DEFAULT NULL,
  `JR_AFTERREPAIRS` tinyint(1) DEFAULT NULL,
  `JR_COMPLAINTANDSYMPTOMS` varchar(400) DEFAULT NULL,
  `JR_REQUESTFOR` varchar(15) DEFAULT NULL,
  `JR_PONO` varchar(100) DEFAULT NULL,
  `JR_PODATE` datetime DEFAULT NULL,
  `JR_SRVNO` varchar(100) DEFAULT NULL,
  `JR_SRVDATE` datetime DEFAULT NULL,
  `JR_BUDGETCODE` varchar(15) DEFAULT NULL,
  `JR_EQIPCOST` decimal(19,2) DEFAULT NULL,
  `JR_EQM_COSTCURRENCY` varchar(100) DEFAULT NULL,
  `JR_EQM_WRNTY_EXPIRY_DATE` smallint(6) DEFAULT NULL,
  `JR_WORKING_STATUS` varchar(20) DEFAULT NULL,
  `JR_DIVISION_CHANGE_FLAG` tinyint(1) DEFAULT NULL,
  `JR_ITEM_CHANGE_FLAG` tinyint(1) DEFAULT NULL,
  `JR_REMARKS` varchar(500) DEFAULT NULL,
  `Email` varchar(300) DEFAULT NULL,
  `JR_MVP_STATUS` enum('DRAFT','SUBMITTED','ASSIGNED','IN_PROGRESS','COMPLETED','VERIFIED_CLOSED','REJECTED','REOPENED') NOT NULL DEFAULT 'DRAFT',
  `JR_MVP_STATUS_AT` datetime(6) DEFAULT NULL,
  `JR_APPROVED_BY` varchar(7) DEFAULT NULL,
  `JR_APPROVED_ON` datetime(6) DEFAULT NULL,
  `JR_REJECTED_BY` varchar(7) DEFAULT NULL,
  `JR_REJECTED_ON` datetime(6) DEFAULT NULL,
  `JR_REJECTION_REASON` varchar(500) DEFAULT NULL,
  `JR_PRIORITY` enum('LOW','NORMAL','HIGH','URGENT') NOT NULL DEFAULT 'NORMAL',
  `JR_ASSIGNED_ENGINEER` varchar(7) DEFAULT NULL,
  `JR_JOB_CATEGORY` enum('TME','FPE') DEFAULT NULL COMMENT 'Phase 6: TME (Test&Measurement) vs FPE (Fabrication&ProcessEquipment)',
  `JR_JOB_TYPE` enum('CALIBRATION','REPAIR','REGISTRATION') DEFAULT NULL COMMENT 'Phase 6: kind of work requested',
  `JR_TNC_ACCEPTED_AT` datetime(6) DEFAULT NULL COMMENT 'Phase 6: when the requester accepted all 6 T&C checkboxes',
  `JR_TNC_VERSION` varchar(10) DEFAULT 'v1' COMMENT 'Phase 6: version string of the T&C set that was accepted',
  `JR_CREATED_AT` datetime(6) NOT NULL DEFAULT current_timestamp(6) COMMENT 'Phase 6: deterministic creation timestamp; index-friendly',
  `JR_UPDATED_AT` datetime(6) NOT NULL DEFAULT current_timestamp(6) ON UPDATE current_timestamp(6) COMMENT 'Phase 6: auto-touched on every row update',
  PRIMARY KEY (`JR_JOBREQUESTNO`),
  KEY `FK_CMMS_JOBREQUEST_MST_CMMS_SECTION_MST` (`JR_DIVISION`),
  KEY `FK_CMMS_JOBREQUEST_MST_CMMS_EQIP_MST` (`JR_EQM_TYPE`,`JR_EQM_ID`),
  KEY `FK_CMMS_JOBREQUEST_MST_CMMS_JOBCARD_MST` (`JR_SECTIONJOB_NO`),
  KEY `FK_CMMS_JOBREQUEST_MST_CMMS_PRODUCT_MST` (`JR_INST_TYPE`),
  KEY `idx_jr_status` (`JR_MVP_STATUS`),
  KEY `idx_jr_priority` (`JR_PRIORITY`,`JR_MVP_STATUS`),
  KEY `idx_jr_assigned_eng` (`JR_ASSIGNED_ENGINEER`),
  KEY `idx_jr_list_default` (`JR_MVP_STATUS`,`JR_CREATED_AT`,`JR_JOBREQUESTNO`),
  KEY `idx_jr_owner_created` (`JR_SUBMITTEDBYID`,`JR_CREATED_AT`),
  KEY `idx_jr_division_created` (`JR_DIVISION`,`JR_CREATED_AT`),
  KEY `idx_jr_priority_status_created` (`JR_PRIORITY`,`JR_MVP_STATUS`,`JR_CREATED_AT`),
  KEY `idx_jr_jobtype_created` (`JR_JOB_TYPE`,`JR_CREATED_AT`),
  CONSTRAINT `FK_CMMS_JOBREQUEST_MST_CMMS_EQIP_MST` FOREIGN KEY (`JR_EQM_TYPE`, `JR_EQM_ID`) REFERENCES `cmms_eqip_mst` (`EQM_TYPE`, `EQM_ID`),
  CONSTRAINT `FK_CMMS_JOBREQUEST_MST_CMMS_JOBCARD_MST` FOREIGN KEY (`JR_SECTIONJOB_NO`) REFERENCES `cmms_jobcard_mst` (`JM_SectionJobNo`),
  CONSTRAINT `FK_CMMS_JOBREQUEST_MST_CMMS_PRODUCT_MST` FOREIGN KEY (`JR_INST_TYPE`) REFERENCES `cmms_product_mst` (`PROD_ID`),
  CONSTRAINT `FK_CMMS_JOBREQUEST_MST_CMMS_SECTION_MST` FOREIGN KEY (`JR_DIVISION`) REFERENCES `cmms_section_mst` (`SM_ID`)
) ENGINE=InnoDB DEFAULT CHARSET=utf8 COLLATE=utf8_unicode_ci;

-- ────────────────────────────────────────────────────────────
-- SHOW CREATE TABLE `cmms_jobcard_mst`
-- ────────────────────────────────────────────────────────────
CREATE TABLE `cmms_jobcard_mst` (
  `JM_JobCardNO` int(11) NOT NULL,
  `JM_EQM_TYPE` varchar(15) NOT NULL,
  `JM_EQM_ID` int(11) NOT NULL,
  `JM_FNPETYPE` char(1) DEFAULT NULL,
  `JM_SectionJobNo` varchar(9) NOT NULL,
  `JM_JCRecdDate` datetime(6) NOT NULL,
  `JM_InstRecdDate` datetime(6) NOT NULL,
  `JM_JobStatus` char(2) NOT NULL,
  `JM_Job` varchar(50) DEFAULT NULL COMMENT 'NA as per new design. (Accepted / Rejected)',
  `JM_PlannedStartDate` datetime(6) NOT NULL,
  `JM_PlannedComletedDate` datetime(6) NOT NULL,
  `JM_JobStartDate` datetime(6) DEFAULT NULL,
  `JM_JobEndDate` datetime(6) DEFAULT NULL,
  `JM_WarrantyRepairs` tinyint(1) NOT NULL,
  `JM_ContractRepairs` tinyint(1) NOT NULL,
  `JM_ServiceEngr` tinyint(1) DEFAULT NULL,
  `JM_Operator` tinyint(1) DEFAULT NULL,
  `JM_Apprentice` tinyint(1) DEFAULT NULL,
  `JM_AttendedBy` varchar(50) DEFAULT NULL COMMENT 'NA as per new desing. For this there is new table',
  `JM_EQGivenTo` varchar(50) DEFAULT NULL,
  `JM_EQGivenOn` datetime(6) DEFAULT NULL,
  `JM_Remarks` varchar(550) DEFAULT NULL,
  `JM_CalPMDueDate` datetime(6) DEFAULT NULL,
  `JM_DESC` longtext DEFAULT NULL COMMENT 'NA as per new desing',
  `JM_PLANID` int(11) DEFAULT NULL COMMENT 'NA as per new desing',
  `JM_DUEIN` varchar(50) DEFAULT NULL COMMENT 'NA as per new desing',
  `JM_JOBTYPE` tinyint(3) unsigned NOT NULL DEFAULT 0,
  `JM_REPAIRTYPE` tinyint(3) unsigned DEFAULT NULL,
  `JM_CREATED_BY` varchar(7) NOT NULL,
  `JM_CREATED_ON` datetime(6) NOT NULL,
  `JM_UPDATED_BY` varchar(50) NOT NULL,
  `JM_UPDATED_ON` datetime(6) NOT NULL,
  `JM_COMPLAINTANDSYMPTOMS` varchar(400) DEFAULT NULL,
  `JM_CALTYPE` tinyint(3) unsigned DEFAULT NULL,
  `JM_MVP_STATUS` enum('ASSIGNED','IN_PROGRESS','COMPLETED','VERIFIED_CLOSED','REOPENED') NOT NULL DEFAULT 'ASSIGNED',
  `JM_VERIFIED_BY` varchar(7) DEFAULT NULL,
  `JM_VERIFIED_ON` datetime(6) DEFAULT NULL,
  `JM_REOPENED_REASON` varchar(500) DEFAULT NULL,
  PRIMARY KEY (`JM_SectionJobNo`),
  KEY `FK_CMMS_JOBCARD_MST_CMMS_EQIP_MST` (`JM_EQM_TYPE`,`JM_EQM_ID`),
  KEY `idx_jc_status` (`JM_MVP_STATUS`),
  KEY `idx_jc_recd_date` (`JM_JCRecdDate`),
  KEY `idx_jc_list_default` (`JM_MVP_STATUS`,`JM_CREATED_ON`,`JM_JobCardNO`),
  KEY `idx_jc_due_date` (`JM_PlannedComletedDate`,`JM_MVP_STATUS`),
  KEY `idx_jc_status_verified` (`JM_MVP_STATUS`,`JM_VERIFIED_ON`),
  KEY `idx_jc_status_ended` (`JM_MVP_STATUS`,`JM_JobEndDate`),
  CONSTRAINT `FK_CMMS_JOBCARD_MST_CMMS_EQIP_MST` FOREIGN KEY (`JM_EQM_TYPE`, `JM_EQM_ID`) REFERENCES `cmms_eqip_mst` (`EQM_TYPE`, `EQM_ID`)
) ENGINE=InnoDB DEFAULT CHARSET=utf8 COLLATE=utf8_unicode_ci;

-- ────────────────────────────────────────────────────────────
-- SHOW CREATE TABLE `job_request_status_history`
-- ────────────────────────────────────────────────────────────
CREATE TABLE `job_request_status_history` (
  `history_id` bigint(20) unsigned NOT NULL AUTO_INCREMENT,
  `jr_no` int(11) NOT NULL,
  `from_status` varchar(30) DEFAULT NULL,
  `to_status` varchar(30) NOT NULL,
  `transitioned_at` datetime(6) NOT NULL DEFAULT current_timestamp(6),
  `transitioned_by` varchar(7) NOT NULL,
  `reason` varchar(500) DEFAULT NULL,
  PRIMARY KEY (`history_id`),
  KEY `fk_jrsh_actor` (`transitioned_by`),
  KEY `idx_jrsh_jr_time` (`jr_no`,`transitioned_at`),
  KEY `idx_jrsh_time` (`transitioned_at`),
  CONSTRAINT `fk_jrsh_actor` FOREIGN KEY (`transitioned_by`) REFERENCES `cmms_emp_mst` (`EMM_ID`),
  CONSTRAINT `fk_jrsh_jr` FOREIGN KEY (`jr_no`) REFERENCES `cmms_jobrequest_mst` (`JR_JOBREQUESTNO`)
) ENGINE=InnoDB AUTO_INCREMENT=11 DEFAULT CHARSET=utf8 COLLATE=utf8_unicode_ci COMMENT='Cluster 4: JR state machine transitions';

-- ────────────────────────────────────────────────────────────
-- SHOW CREATE TABLE `audit_log`
-- ────────────────────────────────────────────────────────────
CREATE TABLE `audit_log` (
  `audit_id` bigint(20) unsigned NOT NULL AUTO_INCREMENT,
  `actor_employee_id` varchar(20) NOT NULL,
  `actor_role_code` varchar(30) DEFAULT NULL,
  `action` varchar(60) NOT NULL,
  `entity_type` varchar(40) NOT NULL,
  `entity_id` varchar(50) NOT NULL,
  `occurred_at` datetime(6) NOT NULL DEFAULT current_timestamp(6),
  `ip_address` varchar(45) DEFAULT NULL,
  `user_agent` varchar(500) DEFAULT NULL,
  `request_id` varchar(40) DEFAULT NULL,
  `notes` varchar(500) DEFAULT NULL,
  PRIMARY KEY (`audit_id`),
  KEY `idx_al_entity` (`entity_type`,`entity_id`,`occurred_at`),
  KEY `idx_al_actor` (`actor_employee_id`,`occurred_at`),
  KEY `idx_al_action` (`action`,`occurred_at`),
  KEY `idx_al_time` (`occurred_at`)
) ENGINE=InnoDB AUTO_INCREMENT=44 DEFAULT CHARSET=utf8 COLLATE=utf8_unicode_ci COMMENT='Cluster 10: generic write-audit log';

-- ────────────────────────────────────────────────────────────
-- SHOW CREATE TABLE `audit_log_changes`
-- ────────────────────────────────────────────────────────────
CREATE TABLE `audit_log_changes` (
  `change_id` bigint(20) unsigned NOT NULL AUTO_INCREMENT,
  `audit_id` bigint(20) unsigned NOT NULL,
  `field_name` varchar(80) NOT NULL,
  `before_value` text DEFAULT NULL,
  `after_value` text DEFAULT NULL,
  PRIMARY KEY (`change_id`),
  KEY `idx_alc_audit` (`audit_id`),
  CONSTRAINT `fk_alc_audit` FOREIGN KEY (`audit_id`) REFERENCES `audit_log` (`audit_id`) ON DELETE CASCADE
) ENGINE=InnoDB DEFAULT CHARSET=utf8 COLLATE=utf8_unicode_ci COMMENT='Cluster 10: before/after field diffs';

-- ────────────────────────────────────────────────────────────
-- SHOW CREATE TABLE `user_roles`
-- ────────────────────────────────────────────────────────────
CREATE TABLE `user_roles` (
  `user_id` bigint(20) unsigned NOT NULL,
  `role_id` tinyint(3) unsigned NOT NULL,
  `assigned_at` datetime(6) NOT NULL DEFAULT current_timestamp(6),
  `assigned_by` varchar(20) DEFAULT NULL,
  PRIMARY KEY (`user_id`),
  KEY `idx_ur_role` (`role_id`),
  CONSTRAINT `fk_ur_role` FOREIGN KEY (`role_id`) REFERENCES `roles` (`role_id`),
  CONSTRAINT `fk_ur_user` FOREIGN KEY (`user_id`) REFERENCES `users` (`user_id`) ON DELETE CASCADE
) ENGINE=InnoDB DEFAULT CHARSET=utf8 COLLATE=utf8_unicode_ci COMMENT='Cluster 1: exactly one role per user (BR-RBAC-02)';

-- ────────────────────────────────────────────────────────────
-- SHOW CREATE TABLE `roles`
-- ────────────────────────────────────────────────────────────
CREATE TABLE `roles` (
  `role_id` tinyint(3) unsigned NOT NULL COMMENT 'Hard-coded 1..5 for deterministic seeds',
  `role_code` varchar(30) NOT NULL COMMENT 'SUPER_ADMIN | LAB_IN_CHARGE | LAB_ENGINEER | NORMAL_USER | VIEW_ONLY',
  `role_name` varchar(60) NOT NULL,
  `role_description` varchar(255) DEFAULT NULL,
  `is_system` tinyint(1) NOT NULL DEFAULT 1,
  `created_at` datetime(6) NOT NULL DEFAULT current_timestamp(6),
  PRIMARY KEY (`role_id`),
  UNIQUE KEY `uk_roles_code` (`role_code`)
) ENGINE=InnoDB DEFAULT CHARSET=utf8 COLLATE=utf8_unicode_ci COMMENT='Cluster 1: 5 system roles';

-- ────────────────────────────────────────────────────────────
-- SHOW CREATE TABLE `cmms_emp_mst`
-- ────────────────────────────────────────────────────────────
CREATE TABLE `cmms_emp_mst` (
  `EMM_ID` varchar(7) NOT NULL,
  `EMM_NAME` varchar(100) NOT NULL,
  `EMM_DESIGNATION` varchar(200) NOT NULL,
  `EMM_DESIGDATE` datetime(6) DEFAULT NULL,
  `EMM_DEPT` int(11) NOT NULL,
  `EMM_DEPTDATE` datetime(6) DEFAULT NULL,
  `EMM_DOB` datetime(6) DEFAULT NULL,
  `EMM_DOJ` datetime(6) DEFAULT NULL,
  `EMM_BLOODGRP` varchar(50) DEFAULT NULL,
  `EMM_ADD` varchar(200) DEFAULT NULL,
  `EMM_CITY` varchar(100) DEFAULT NULL,
  `EMM_STATE` varchar(100) DEFAULT NULL,
  `EMM_ZIP` varchar(100) DEFAULT NULL,
  `EMM_PH1` varchar(100) DEFAULT NULL,
  `EMM_PH2` varchar(100) DEFAULT NULL,
  `EMM_FAX` varchar(100) DEFAULT NULL COMMENT 'NA as per new desing',
  `EMM_EMAIL` varchar(100) DEFAULT NULL,
  `EMM_MOBILE` varchar(100) DEFAULT NULL,
  `EMM_PAGER` varchar(100) DEFAULT NULL COMMENT 'NA as per new desing',
  `EMM_STARTDT` datetime(6) DEFAULT NULL COMMENT 'NA as per new desing',
  `EMM_APP_LVL` bigint(20) DEFAULT NULL COMMENT 'NA as per new desing',
  `EMM_MAX_PURCHASE` decimal(10,2) DEFAULT NULL,
  `EMM_REMARKS` varchar(500) DEFAULT NULL,
  `EMM_CREATED_BY` varchar(7) NOT NULL,
  `EMM_CREATED_ON` datetime(6) NOT NULL,
  `EMM_UPDATED_BY` varchar(7) NOT NULL,
  `EMM_UPDATED_ON` datetime(6) NOT NULL,
  `EMM_RESIPH` varchar(50) DEFAULT NULL COMMENT 'NA as per new desing',
  `EMM_ROLE` int(11) DEFAULT NULL,
  `EMM_INACTIVE` tinyint(1) NOT NULL DEFAULT 0,
  `EMM_DEACTIVATED_AT` datetime(6) DEFAULT NULL COMMENT 'Phase 7: when this employee was soft-deleted (EMM_INACTIVE flipped 0→1)',
  PRIMARY KEY (`EMM_ID`),
  KEY `FK_CMMS_EMP_MST_CMMS_SECTION_MST` (`EMM_DEPT`),
  KEY `FK_CMMS_EMP_MST_CMMS_ROLE_MST` (`EMM_ROLE`),
  KEY `idx_emm_active` (`EMM_INACTIVE`),
  KEY `idx_emm_active_dept` (`EMM_INACTIVE`,`EMM_DEPT`),
  CONSTRAINT `FK_CMMS_EMP_MST_CMMS_ROLE_MST` FOREIGN KEY (`EMM_ROLE`) REFERENCES `_legacy_role_mst` (`ROLE_ID`),
  CONSTRAINT `FK_CMMS_EMP_MST_CMMS_SECTION_MST` FOREIGN KEY (`EMM_DEPT`) REFERENCES `cmms_section_mst` (`SM_ID`)
) ENGINE=InnoDB DEFAULT CHARSET=utf8 COLLATE=utf8_unicode_ci;

-- ────────────────────────────────────────────────────────────
-- INDEX INVENTORY  (information_schema.STATISTICS)
-- ────────────────────────────────────────────────────────────
audit_log                    idx_al_action                        [action,occurred_at]  unique=false  type=BTREE
audit_log                    idx_al_actor                         [actor_employee_id,occurred_at]  unique=false  type=BTREE
audit_log                    idx_al_entity                        [entity_type,entity_id,occurred_at]  unique=false  type=BTREE
audit_log                    idx_al_time                          [occurred_at]  unique=false  type=BTREE
audit_log                    PRIMARY                              [audit_id]  unique=true  type=BTREE
cmms_jobcard_mst             FK_CMMS_JOBCARD_MST_CMMS_EQIP_MST    [JM_EQM_TYPE,JM_EQM_ID]  unique=false  type=BTREE
cmms_jobcard_mst             idx_jc_due_date                      [JM_PlannedComletedDate,JM_MVP_STATUS]  unique=false  type=BTREE
cmms_jobcard_mst             idx_jc_list_default                  [JM_MVP_STATUS,JM_CREATED_ON,JM_JobCardNO]  unique=false  type=BTREE
cmms_jobcard_mst             idx_jc_recd_date                     [JM_JCRecdDate]  unique=false  type=BTREE
cmms_jobcard_mst             idx_jc_status                        [JM_MVP_STATUS]  unique=false  type=BTREE
cmms_jobcard_mst             idx_jc_status_ended                  [JM_MVP_STATUS,JM_JobEndDate]  unique=false  type=BTREE
cmms_jobcard_mst             idx_jc_status_verified               [JM_MVP_STATUS,JM_VERIFIED_ON]  unique=false  type=BTREE
cmms_jobcard_mst             PRIMARY                              [JM_SectionJobNo]  unique=true  type=BTREE
cmms_jobrequest_mst          FK_CMMS_JOBREQUEST_MST_CMMS_EQIP_MST [JR_EQM_TYPE,JR_EQM_ID]  unique=false  type=BTREE
cmms_jobrequest_mst          FK_CMMS_JOBREQUEST_MST_CMMS_JOBCARD_MST [JR_SECTIONJOB_NO]  unique=false  type=BTREE
cmms_jobrequest_mst          FK_CMMS_JOBREQUEST_MST_CMMS_PRODUCT_MST [JR_INST_TYPE]  unique=false  type=BTREE
cmms_jobrequest_mst          FK_CMMS_JOBREQUEST_MST_CMMS_SECTION_MST [JR_DIVISION]  unique=false  type=BTREE
cmms_jobrequest_mst          idx_jr_assigned_eng                  [JR_ASSIGNED_ENGINEER]  unique=false  type=BTREE
cmms_jobrequest_mst          idx_jr_division_created              [JR_DIVISION,JR_CREATED_AT]  unique=false  type=BTREE
cmms_jobrequest_mst          idx_jr_jobtype_created               [JR_JOB_TYPE,JR_CREATED_AT]  unique=false  type=BTREE
cmms_jobrequest_mst          idx_jr_list_default                  [JR_MVP_STATUS,JR_CREATED_AT,JR_JOBREQUESTNO]  unique=false  type=BTREE
cmms_jobrequest_mst          idx_jr_owner_created                 [JR_SUBMITTEDBYID,JR_CREATED_AT]  unique=false  type=BTREE
cmms_jobrequest_mst          idx_jr_priority                      [JR_PRIORITY,JR_MVP_STATUS]  unique=false  type=BTREE
cmms_jobrequest_mst          idx_jr_priority_status_created       [JR_PRIORITY,JR_MVP_STATUS,JR_CREATED_AT]  unique=false  type=BTREE
cmms_jobrequest_mst          idx_jr_status                        [JR_MVP_STATUS]  unique=false  type=BTREE
cmms_jobrequest_mst          PRIMARY                              [JR_JOBREQUESTNO]  unique=true  type=BTREE
job_request_status_history   fk_jrsh_actor                        [transitioned_by]  unique=false  type=BTREE
job_request_status_history   idx_jrsh_jr_time                     [jr_no,transitioned_at]  unique=false  type=BTREE
job_request_status_history   idx_jrsh_time                        [transitioned_at]  unique=false  type=BTREE
job_request_status_history   PRIMARY                              [history_id]  unique=true  type=BTREE

-- ────────────────────────────────────────────────────────────
-- JR STATUS DISTRIBUTION (for /conversion tab counters)
-- ────────────────────────────────────────────────────────────
  status=DRAFT              job_type=CALIBRATION   n=2
  status=SUBMITTED          job_type=(null)        n=2053
  status=SUBMITTED          job_type=CALIBRATION   n=4
  status=ASSIGNED           job_type=(null)        n=19432

-- ────────────────────────────────────────────────────────────
-- LAB_ENGINEER USERS (workload dropdown source)
-- ────────────────────────────────────────────────────────────
  total LAB_ENGINEER user rows: 1
    user_id=60  emp=TE00225  active=1  name=RAVINDRA K VASAVE

-- ────────────────────────────────────────────────────────────
-- ROW COUNTS (capacity planning + smoke baseline)
-- ────────────────────────────────────────────────────────────
  cmms_jobrequest_mst              21491
  cmms_jobcard_mst                 19432
  job_request_status_history       10
  audit_log                        43
  users                            61
  cmms_emp_mst                     61

-- ────────────────────────────────────────────────────────────
-- PERMISSION GRANTS — does LIC + SA already have approve/reject/assign?
-- ────────────────────────────────────────────────────────────
  LAB_IN_CHARGE    job_request:approve
  LAB_IN_CHARGE    job_request:assign-engineer
  LAB_IN_CHARGE    job_request:reject
  SUPER_ADMIN      job_request:approve
  SUPER_ADMIN      job_request:assign-engineer
  SUPER_ADMIN      job_request:reject
